// Jest Snapshot v1, https://goo.gl/fbAQLP

exports[`screen: Home matches snapshot 1`] = `
<div
  id="Layout"
  navLink="/"
>
  <div
    className="MuiBox-root css-k3uim4"
  >
    <div
      id="IndividualBTCChart"
    />
  </div>
</div>
`;
