// Jest Snapshot v1, https://goo.gl/fbAQLP

exports[`component: IndividualBTCChart matches snapshot 1`] = `
<div
  id="NoSSR"
>
  <div
    className="MuiBox-root css-jtz3ax-CandleStickChart"
  >
    <div
      className="VictoryContainer"
      style={
        {
          "height": "100%",
          "pointerEvents": "none",
          "position": "relative",
          "touchAction": "none",
          "userSelect": "none",
          "width": "100%",
        }
      }
    >
      <svg
        height={350}
        onMouseDown={[Function]}
        onMouseLeave={[Function]}
        onMouseMove={[Function]}
        onMouseUp={[Function]}
        onTouchCancel={[Function]}
        onTouchEnd={[Function]}
        onTouchMove={[Function]}
        onTouchStart={[Function]}
        onWheel={[Function]}
        role="img"
        style={
          {
            "height": "100%",
            "pointerEvents": "all",
            "width": "100%",
          }
        }
        viewBox="0 0 350 350"
        width={350}
      >
        <g
          role="presentation"
        >
          <line
            role="presentation"
            shapeRendering="auto"
            style={
              {
                "fill": "transparent",
                "stroke": "#90A4AE",
                "strokeLinecap": "round",
                "strokeLinejoin": "round",
                "strokeWidth": 2,
              }
            }
            vectorEffect="non-scaling-stroke"
            x1={90}
            x2={350}
            y1={320}
            y2={320}
          />
          <g
            role="presentation"
          >
            <line
              role="presentation"
              shapeRendering="auto"
              style={
                {
                  "fill": "none",
                  "pointerEvents": "painted",
                  "stroke": "#ECEFF1",
                  "strokeDasharray": "10, 5",
                  "strokeLinecap": "round",
                  "strokeLinejoin": "round",
                }
              }
              vectorEffect="non-scaling-stroke"
              x1={90}
              x2={90}
              y1={320}
              y2={10}
            />
            <line
              role="presentation"
              shapeRendering="auto"
              style={
                {
                  "fill": "transparent",
                  "size": 5,
                  "stroke": "#90A4AE",
                  "strokeLinecap": "round",
                  "strokeLinejoin": "round",
                  "strokeWidth": 1,
                }
              }
              vectorEffect="non-scaling-stroke"
              x1={90}
              x2={90}
              y1={320}
              y2={325}
            />
            <text
              direction="inherit"
              dx={0}
              id="chart-axis-0-tickLabels-0"
              x={90}
              y={343.26}
            >
              <tspan
                dx={0}
                dy={0}
                style={
                  {
                    "fill": "#455A64",
                    "fontFamily": "'Helvetica Neue', 'Helvetica', sans-serif",
                    "fontSize": 12,
                    "letterSpacing": "normal",
                    "padding": 8,
                    "stroke": "transparent",
                    "strokeWidth": 0,
                  }
                }
                textAnchor="middle"
                x={90}
              >
                9/10
              </tspan>
            </text>
          </g>
          <g
            role="presentation"
          >
            <line
              role="presentation"
              shapeRendering="auto"
              style={
                {
                  "fill": "none",
                  "pointerEvents": "painted",
                  "stroke": "#ECEFF1",
                  "strokeDasharray": "10, 5",
                  "strokeLinecap": "round",
                  "strokeLinejoin": "round",
                }
              }
              vectorEffect="non-scaling-stroke"
              x1={176.66666666666666}
              x2={176.66666666666666}
              y1={320}
              y2={10}
            />
            <line
              role="presentation"
              shapeRendering="auto"
              style={
                {
                  "fill": "transparent",
                  "size": 5,
                  "stroke": "#90A4AE",
                  "strokeLinecap": "round",
                  "strokeLinejoin": "round",
                  "strokeWidth": 1,
                }
              }
              vectorEffect="non-scaling-stroke"
              x1={176.66666666666666}
              x2={176.66666666666666}
              y1={320}
              y2={325}
            />
            <text
              direction="inherit"
              dx={0}
              id="chart-axis-0-tickLabels-1"
              x={176.66666666666666}
              y={343.26}
            >
              <tspan
                dx={0}
                dy={0}
                style={
                  {
                    "fill": "#455A64",
                    "fontFamily": "'Helvetica Neue', 'Helvetica', sans-serif",
                    "fontSize": 12,
                    "letterSpacing": "normal",
                    "padding": 8,
                    "stroke": "transparent",
                    "strokeWidth": 0,
                  }
                }
                textAnchor="middle"
                x={176.66666666666666}
              >
                9/10
              </tspan>
            </text>
          </g>
          <g
            role="presentation"
          >
            <line
              role="presentation"
              shapeRendering="auto"
              style={
                {
                  "fill": "none",
                  "pointerEvents": "painted",
                  "stroke": "#ECEFF1",
                  "strokeDasharray": "10, 5",
                  "strokeLinecap": "round",
                  "strokeLinejoin": "round",
                }
              }
              vectorEffect="non-scaling-stroke"
              x1={263.3333333333333}
              x2={263.3333333333333}
              y1={320}
              y2={10}
            />
            <line
              role="presentation"
              shapeRendering="auto"
              style={
                {
                  "fill": "transparent",
                  "size": 5,
                  "stroke": "#90A4AE",
                  "strokeLinecap": "round",
                  "strokeLinejoin": "round",
                  "strokeWidth": 1,
                }
              }
              vectorEffect="non-scaling-stroke"
              x1={263.3333333333333}
              x2={263.3333333333333}
              y1={320}
              y2={325}
            />
            <text
              direction="inherit"
              dx={0}
              id="chart-axis-0-tickLabels-2"
              x={263.3333333333333}
              y={343.26}
            >
              <tspan
                dx={0}
                dy={0}
                style={
                  {
                    "fill": "#455A64",
                    "fontFamily": "'Helvetica Neue', 'Helvetica', sans-serif",
                    "fontSize": 12,
                    "letterSpacing": "normal",
                    "padding": 8,
                    "stroke": "transparent",
                    "strokeWidth": 0,
                  }
                }
                textAnchor="middle"
                x={263.3333333333333}
              >
                9/10
              </tspan>
            </text>
          </g>
          <g
            role="presentation"
          >
            <line
              role="presentation"
              shapeRendering="auto"
              style={
                {
                  "fill": "none",
                  "pointerEvents": "painted",
                  "stroke": "#ECEFF1",
                  "strokeDasharray": "10, 5",
                  "strokeLinecap": "round",
                  "strokeLinejoin": "round",
                }
              }
              vectorEffect="non-scaling-stroke"
              x1={350}
              x2={350}
              y1={320}
              y2={10}
            />
            <line
              role="presentation"
              shapeRendering="auto"
              style={
                {
                  "fill": "transparent",
                  "size": 5,
                  "stroke": "#90A4AE",
                  "strokeLinecap": "round",
                  "strokeLinejoin": "round",
                  "strokeWidth": 1,
                }
              }
              vectorEffect="non-scaling-stroke"
              x1={350}
              x2={350}
              y1={320}
              y2={325}
            />
            <text
              direction="inherit"
              dx={0}
              id="chart-axis-0-tickLabels-3"
              x={350}
              y={343.26}
            >
              <tspan
                dx={0}
                dy={0}
                style={
                  {
                    "fill": "#455A64",
                    "fontFamily": "'Helvetica Neue', 'Helvetica', sans-serif",
                    "fontSize": 12,
                    "letterSpacing": "normal",
                    "padding": 8,
                    "stroke": "transparent",
                    "strokeWidth": 0,
                  }
                }
                textAnchor="middle"
                x={350}
              >
                9/10
              </tspan>
            </text>
          </g>
        </g>
        <g
          role="presentation"
        >
          <line
            role="presentation"
            shapeRendering="auto"
            style={
              {
                "fill": "transparent",
                "stroke": "#90A4AE",
                "strokeLinecap": "round",
                "strokeLinejoin": "round",
                "strokeWidth": 2,
              }
            }
            vectorEffect="non-scaling-stroke"
            x1={90}
            x2={90}
            y1={10}
            y2={320}
          />
          <g
            role="presentation"
          >
            <line
              role="presentation"
              shapeRendering="auto"
              style={
                {
                  "fill": "none",
                  "pointerEvents": "painted",
                  "stroke": "#ECEFF1",
                  "strokeDasharray": "10, 5",
                  "strokeLinecap": "round",
                  "strokeLinejoin": "round",
                }
              }
              vectorEffect="non-scaling-stroke"
              x1={90}
              x2={350}
              y1={280.57698810365565}
              y2={280.57698810365565}
            />
            <line
              role="presentation"
              shapeRendering="auto"
              style={
                {
                  "fill": "transparent",
                  "size": 5,
                  "stroke": "#90A4AE",
                  "strokeLinecap": "round",
                  "strokeLinejoin": "round",
                  "strokeWidth": 1,
                }
              }
              vectorEffect="non-scaling-stroke"
              x1={90}
              x2={85}
              y1={280.57698810365565}
              y2={280.57698810365565}
            />
            <text
              direction="inherit"
              dx={0}
              id="chart-axis-1-tickLabels-0"
              x={77}
              y={284.83698810365564}
            >
              <tspan
                dx={0}
                dy={0}
                style={
                  {
                    "fill": "#455A64",
                    "fontFamily": "'Helvetica Neue', 'Helvetica', sans-serif",
                    "fontSize": 12,
                    "letterSpacing": "normal",
                    "padding": 8,
                    "stroke": "transparent",
                    "strokeWidth": 0,
                  }
                }
                textAnchor="end"
                x={77}
              >
                $19,100
              </tspan>
            </text>
          </g>
          <g
            role="presentation"
          >
            <line
              role="presentation"
              shapeRendering="auto"
              style={
                {
                  "fill": "none",
                  "pointerEvents": "painted",
                  "stroke": "#ECEFF1",
                  "strokeDasharray": "10, 5",
                  "strokeLinecap": "round",
                  "strokeLinejoin": "round",
                }
              }
              vectorEffect="non-scaling-stroke"
              x1={90}
              x2={350}
              y1={232.9301281854235}
              y2={232.9301281854235}
            />
            <line
              role="presentation"
              shapeRendering="auto"
              style={
                {
                  "fill": "transparent",
                  "size": 5,
                  "stroke": "#90A4AE",
                  "strokeLinecap": "round",
                  "strokeLinejoin": "round",
                  "strokeWidth": 1,
                }
              }
              vectorEffect="non-scaling-stroke"
              x1={90}
              x2={85}
              y1={232.9301281854235}
              y2={232.9301281854235}
            />
            <text
              direction="inherit"
              dx={0}
              id="chart-axis-1-tickLabels-1"
              x={77}
              y={237.1901281854235}
            >
              <tspan
                dx={0}
                dy={0}
                style={
                  {
                    "fill": "#455A64",
                    "fontFamily": "'Helvetica Neue', 'Helvetica', sans-serif",
                    "fontSize": 12,
                    "letterSpacing": "normal",
                    "padding": 8,
                    "stroke": "transparent",
                    "strokeWidth": 0,
                  }
                }
                textAnchor="end"
                x={77}
              >
                $19,150
              </tspan>
            </text>
          </g>
          <g
            role="presentation"
          >
            <line
              role="presentation"
              shapeRendering="auto"
              style={
                {
                  "fill": "none",
                  "pointerEvents": "painted",
                  "stroke": "#ECEFF1",
                  "strokeDasharray": "10, 5",
                  "strokeLinecap": "round",
                  "strokeLinejoin": "round",
                }
              }
              vectorEffect="non-scaling-stroke"
              x1={90}
              x2={350}
              y1={185.2832682671913}
              y2={185.2832682671913}
            />
            <line
              role="presentation"
              shapeRendering="auto"
              style={
                {
                  "fill": "transparent",
                  "size": 5,
                  "stroke": "#90A4AE",
                  "strokeLinecap": "round",
                  "strokeLinejoin": "round",
                  "strokeWidth": 1,
                }
              }
              vectorEffect="non-scaling-stroke"
              x1={90}
              x2={85}
              y1={185.2832682671913}
              y2={185.2832682671913}
            />
            <text
              direction="inherit"
              dx={0}
              id="chart-axis-1-tickLabels-2"
              x={77}
              y={189.54326826719128}
            >
              <tspan
                dx={0}
                dy={0}
                style={
                  {
                    "fill": "#455A64",
                    "fontFamily": "'Helvetica Neue', 'Helvetica', sans-serif",
                    "fontSize": 12,
                    "letterSpacing": "normal",
                    "padding": 8,
                    "stroke": "transparent",
                    "strokeWidth": 0,
                  }
                }
                textAnchor="end"
                x={77}
              >
                $19,200
              </tspan>
            </text>
          </g>
          <g
            role="presentation"
          >
            <line
              role="presentation"
              shapeRendering="auto"
              style={
                {
                  "fill": "none",
                  "pointerEvents": "painted",
                  "stroke": "#ECEFF1",
                  "strokeDasharray": "10, 5",
                  "strokeLinecap": "round",
                  "strokeLinejoin": "round",
                }
              }
              vectorEffect="non-scaling-stroke"
              x1={90}
              x2={350}
              y1={137.6364083489591}
              y2={137.6364083489591}
            />
            <line
              role="presentation"
              shapeRendering="auto"
              style={
                {
                  "fill": "transparent",
                  "size": 5,
                  "stroke": "#90A4AE",
                  "strokeLinecap": "round",
                  "strokeLinejoin": "round",
                  "strokeWidth": 1,
                }
              }
              vectorEffect="non-scaling-stroke"
              x1={90}
              x2={85}
              y1={137.6364083489591}
              y2={137.6364083489591}
            />
            <text
              direction="inherit"
              dx={0}
              id="chart-axis-1-tickLabels-3"
              x={77}
              y={141.89640834895908}
            >
              <tspan
                dx={0}
                dy={0}
                style={
                  {
                    "fill": "#455A64",
                    "fontFamily": "'Helvetica Neue', 'Helvetica', sans-serif",
                    "fontSize": 12,
                    "letterSpacing": "normal",
                    "padding": 8,
                    "stroke": "transparent",
                    "strokeWidth": 0,
                  }
                }
                textAnchor="end"
                x={77}
              >
                $19,250
              </tspan>
            </text>
          </g>
          <g
            role="presentation"
          >
            <line
              role="presentation"
              shapeRendering="auto"
              style={
                {
                  "fill": "none",
                  "pointerEvents": "painted",
                  "stroke": "#ECEFF1",
                  "strokeDasharray": "10, 5",
                  "strokeLinecap": "round",
                  "strokeLinejoin": "round",
                }
              }
              vectorEffect="non-scaling-stroke"
              x1={90}
              x2={350}
              y1={89.98954843072694}
              y2={89.98954843072694}
            />
            <line
              role="presentation"
              shapeRendering="auto"
              style={
                {
                  "fill": "transparent",
                  "size": 5,
                  "stroke": "#90A4AE",
                  "strokeLinecap": "round",
                  "strokeLinejoin": "round",
                  "strokeWidth": 1,
                }
              }
              vectorEffect="non-scaling-stroke"
              x1={90}
              x2={85}
              y1={89.98954843072694}
              y2={89.98954843072694}
            />
            <text
              direction="inherit"
              dx={0}
              id="chart-axis-1-tickLabels-4"
              x={77}
              y={94.24954843072695}
            >
              <tspan
                dx={0}
                dy={0}
                style={
                  {
                    "fill": "#455A64",
                    "fontFamily": "'Helvetica Neue', 'Helvetica', sans-serif",
                    "fontSize": 12,
                    "letterSpacing": "normal",
                    "padding": 8,
                    "stroke": "transparent",
                    "strokeWidth": 0,
                  }
                }
                textAnchor="end"
                x={77}
              >
                $19,300
              </tspan>
            </text>
          </g>
          <g
            role="presentation"
          >
            <line
              role="presentation"
              shapeRendering="auto"
              style={
                {
                  "fill": "none",
                  "pointerEvents": "painted",
                  "stroke": "#ECEFF1",
                  "strokeDasharray": "10, 5",
                  "strokeLinecap": "round",
                  "strokeLinejoin": "round",
                }
              }
              vectorEffect="non-scaling-stroke"
              x1={90}
              x2={350}
              y1={42.34268851249477}
              y2={42.34268851249477}
            />
            <line
              role="presentation"
              shapeRendering="auto"
              style={
                {
                  "fill": "transparent",
                  "size": 5,
                  "stroke": "#90A4AE",
                  "strokeLinecap": "round",
                  "strokeLinejoin": "round",
                  "strokeWidth": 1,
                }
              }
              vectorEffect="non-scaling-stroke"
              x1={90}
              x2={85}
              y1={42.34268851249477}
              y2={42.34268851249477}
            />
            <text
              direction="inherit"
              dx={0}
              id="chart-axis-1-tickLabels-5"
              x={77}
              y={46.602688512494765}
            >
              <tspan
                dx={0}
                dy={0}
                style={
                  {
                    "fill": "#455A64",
                    "fontFamily": "'Helvetica Neue', 'Helvetica', sans-serif",
                    "fontSize": 12,
                    "letterSpacing": "normal",
                    "padding": 8,
                    "stroke": "transparent",
                    "strokeWidth": 0,
                  }
                }
                textAnchor="end"
                x={77}
              >
                $19,350
              </tspan>
            </text>
          </g>
        </g>
        <g
          clipPath="url(#victory-clip-2)"
          style={
            {
              "height": "100%",
              "userSelect": "none",
              "width": "100%",
            }
          }
        >
          <defs>
            <clipPath
              id="victory-clip-2"
            >
              <rect
                height={310}
                vectorEffect="non-scaling-stroke"
                width={260}
                x={90}
                y={10}
              />
            </clipPath>
          </defs>
          <g>
            <rect
              height={132.91568042790007}
              onBlur={[Function]}
              onFocus={[Function]}
              onMouseOut={[Function]}
              onMouseOver={[Function]}
              onTouchEnd={[Function]}
              onTouchStart={[Function]}
              role="presentation"
              shapeRendering="auto"
              style={
                {
                  "fill": "#0ECB81",
                  "stroke": "#0ECB81",
                  "strokeWidth": 2,
                }
              }
              vectorEffect="non-scaling-stroke"
              width={5}
              x={260.8333333333333}
              y={187.08431957209993}
            />
            <line
              onBlur={[Function]}
              onFocus={[Function]}
              onMouseOut={[Function]}
              onMouseOver={[Function]}
              onTouchEnd={[Function]}
              onTouchStart={[Function]}
              role="presentation"
              shapeRendering="auto"
              style={
                {
                  "fill": "#0ECB81",
                  "stroke": "#0ECB81",
                  "strokeWidth": 2,
                }
              }
              vectorEffect="non-scaling-stroke"
              x1={263.3333333333333}
              x2={263.3333333333333}
              y1={10}
              y2={187.08431957209993}
            />
            <line
              onBlur={[Function]}
              onFocus={[Function]}
              onMouseOut={[Function]}
              onMouseOver={[Function]}
              onTouchEnd={[Function]}
              onTouchStart={[Function]}
              role="presentation"
              shapeRendering="auto"
              style={
                {
                  "fill": "#0ECB81",
                  "stroke": "#0ECB81",
                  "strokeWidth": 2,
                }
              }
              vectorEffect="non-scaling-stroke"
              x1={263.3333333333333}
              x2={263.3333333333333}
              y1={320}
              y2={320}
            />
          </g>
        </g>
      </svg>
      <div
        style={
          {
            "height": "100%",
            "left": 0,
            "position": "absolute",
            "top": 0,
            "width": "100%",
            "zIndex": 99,
          }
        }
      >
        <svg
          height={350}
          style={
            {
              "height": "100%",
              "overflow": "visible",
              "width": "100%",
            }
          }
          viewBox="0 0 350 350"
          width={350}
        />
      </div>
    </div>
  </div>
</div>
`;
