// Jest Snapshot v1, https://goo.gl/fbAQLP

exports[`component: LineChart matches snapshot 1`] = `
<div
  id="NoSSR"
>
  <div
    className="MuiBox-root css-p1qljd-LineChart"
  >
    <div
      className="VictoryContainer"
      style={
        {
          "height": "100%",
          "pointerEvents": "none",
          "position": "relative",
          "touchAction": "none",
          "userSelect": "none",
          "width": "100%",
        }
      }
    >
      <svg
        height={350}
        onMouseDown={[Function]}
        onMouseLeave={[Function]}
        onMouseMove={[Function]}
        onMouseUp={[Function]}
        onTouchCancel={[Function]}
        onTouchEnd={[Function]}
        onTouchMove={[Function]}
        onTouchStart={[Function]}
        onWheel={[Function]}
        role="img"
        style={
          {
            "height": "100%",
            "pointerEvents": "all",
            "width": "100%",
          }
        }
        viewBox="0 0 350 350"
        width={350}
      >
        <g
          role="presentation"
        >
          <line
            role="presentation"
            shapeRendering="auto"
            style={
              {
                "fill": "transparent",
                "stroke": "#90A4AE",
                "strokeLinecap": "round",
                "strokeLinejoin": "round",
                "strokeWidth": 2,
              }
            }
            vectorEffect="non-scaling-stroke"
            x1={90}
            x2={350}
            y1={320}
            y2={320}
          />
          <g
            role="presentation"
          >
            <line
              role="presentation"
              shapeRendering="auto"
              style={
                {
                  "fill": "none",
                  "pointerEvents": "painted",
                  "stroke": "#ECEFF1",
                  "strokeDasharray": "10, 5",
                  "strokeLinecap": "round",
                  "strokeLinejoin": "round",
                }
              }
              vectorEffect="non-scaling-stroke"
              x1={90}
              x2={90}
              y1={320}
              y2={10}
            />
            <line
              role="presentation"
              shapeRendering="auto"
              style={
                {
                  "fill": "transparent",
                  "size": 5,
                  "stroke": "#90A4AE",
                  "strokeLinecap": "round",
                  "strokeLinejoin": "round",
                  "strokeWidth": 1,
                }
              }
              vectorEffect="non-scaling-stroke"
              x1={90}
              x2={90}
              y1={320}
              y2={325}
            />
            <text
              direction="inherit"
              dx={0}
              id="chart-axis-0-tickLabels-0"
              x={90}
              y={343.26}
            >
              <tspan
                dx={0}
                dy={0}
                style={
                  {
                    "fill": "#455A64",
                    "fontFamily": "'Helvetica Neue', 'Helvetica', sans-serif",
                    "fontSize": 12,
                    "letterSpacing": "normal",
                    "padding": 8,
                    "stroke": "transparent",
                    "strokeWidth": 0,
                  }
                }
                textAnchor="middle"
                x={90}
              >
                12/7
              </tspan>
            </text>
          </g>
          <g
            role="presentation"
          >
            <line
              role="presentation"
              shapeRendering="auto"
              style={
                {
                  "fill": "none",
                  "pointerEvents": "painted",
                  "stroke": "#ECEFF1",
                  "strokeDasharray": "10, 5",
                  "strokeLinecap": "round",
                  "strokeLinejoin": "round",
                }
              }
              vectorEffect="non-scaling-stroke"
              x1={176.66666666666666}
              x2={176.66666666666666}
              y1={320}
              y2={10}
            />
            <line
              role="presentation"
              shapeRendering="auto"
              style={
                {
                  "fill": "transparent",
                  "size": 5,
                  "stroke": "#90A4AE",
                  "strokeLinecap": "round",
                  "strokeLinejoin": "round",
                  "strokeWidth": 1,
                }
              }
              vectorEffect="non-scaling-stroke"
              x1={176.66666666666666}
              x2={176.66666666666666}
              y1={320}
              y2={325}
            />
            <text
              direction="inherit"
              dx={0}
              id="chart-axis-0-tickLabels-1"
              x={176.66666666666666}
              y={343.26}
            >
              <tspan
                dx={0}
                dy={0}
                style={
                  {
                    "fill": "#455A64",
                    "fontFamily": "'Helvetica Neue', 'Helvetica', sans-serif",
                    "fontSize": 12,
                    "letterSpacing": "normal",
                    "padding": 8,
                    "stroke": "transparent",
                    "strokeWidth": 0,
                  }
                }
                textAnchor="middle"
                x={176.66666666666666}
              >
                12/7
              </tspan>
            </text>
          </g>
          <g
            role="presentation"
          >
            <line
              role="presentation"
              shapeRendering="auto"
              style={
                {
                  "fill": "none",
                  "pointerEvents": "painted",
                  "stroke": "#ECEFF1",
                  "strokeDasharray": "10, 5",
                  "strokeLinecap": "round",
                  "strokeLinejoin": "round",
                }
              }
              vectorEffect="non-scaling-stroke"
              x1={263.3333333333333}
              x2={263.3333333333333}
              y1={320}
              y2={10}
            />
            <line
              role="presentation"
              shapeRendering="auto"
              style={
                {
                  "fill": "transparent",
                  "size": 5,
                  "stroke": "#90A4AE",
                  "strokeLinecap": "round",
                  "strokeLinejoin": "round",
                  "strokeWidth": 1,
                }
              }
              vectorEffect="non-scaling-stroke"
              x1={263.3333333333333}
              x2={263.3333333333333}
              y1={320}
              y2={325}
            />
            <text
              direction="inherit"
              dx={0}
              id="chart-axis-0-tickLabels-2"
              x={263.3333333333333}
              y={343.26}
            >
              <tspan
                dx={0}
                dy={0}
                style={
                  {
                    "fill": "#455A64",
                    "fontFamily": "'Helvetica Neue', 'Helvetica', sans-serif",
                    "fontSize": 12,
                    "letterSpacing": "normal",
                    "padding": 8,
                    "stroke": "transparent",
                    "strokeWidth": 0,
                  }
                }
                textAnchor="middle"
                x={263.3333333333333}
              >
                12/7
              </tspan>
            </text>
          </g>
          <g
            role="presentation"
          >
            <line
              role="presentation"
              shapeRendering="auto"
              style={
                {
                  "fill": "none",
                  "pointerEvents": "painted",
                  "stroke": "#ECEFF1",
                  "strokeDasharray": "10, 5",
                  "strokeLinecap": "round",
                  "strokeLinejoin": "round",
                }
              }
              vectorEffect="non-scaling-stroke"
              x1={350}
              x2={350}
              y1={320}
              y2={10}
            />
            <line
              role="presentation"
              shapeRendering="auto"
              style={
                {
                  "fill": "transparent",
                  "size": 5,
                  "stroke": "#90A4AE",
                  "strokeLinecap": "round",
                  "strokeLinejoin": "round",
                  "strokeWidth": 1,
                }
              }
              vectorEffect="non-scaling-stroke"
              x1={350}
              x2={350}
              y1={320}
              y2={325}
            />
            <text
              direction="inherit"
              dx={0}
              id="chart-axis-0-tickLabels-3"
              x={350}
              y={343.26}
            >
              <tspan
                dx={0}
                dy={0}
                style={
                  {
                    "fill": "#455A64",
                    "fontFamily": "'Helvetica Neue', 'Helvetica', sans-serif",
                    "fontSize": 12,
                    "letterSpacing": "normal",
                    "padding": 8,
                    "stroke": "transparent",
                    "strokeWidth": 0,
                  }
                }
                textAnchor="middle"
                x={350}
              >
                12/7
              </tspan>
            </text>
          </g>
        </g>
        <g
          role="presentation"
        >
          <line
            role="presentation"
            shapeRendering="auto"
            style={
              {
                "fill": "transparent",
                "stroke": "#90A4AE",
                "strokeLinecap": "round",
                "strokeLinejoin": "round",
                "strokeWidth": 2,
              }
            }
            vectorEffect="non-scaling-stroke"
            x1={90}
            x2={90}
            y1={10}
            y2={320}
          />
          <g
            role="presentation"
          >
            <line
              role="presentation"
              shapeRendering="auto"
              style={
                {
                  "fill": "none",
                  "pointerEvents": "painted",
                  "stroke": "#ECEFF1",
                  "strokeDasharray": "10, 5",
                  "strokeLinecap": "round",
                  "strokeLinejoin": "round",
                }
              }
              vectorEffect="non-scaling-stroke"
              x1={90}
              x2={350}
              y1={320}
              y2={320}
            />
            <line
              role="presentation"
              shapeRendering="auto"
              style={
                {
                  "fill": "transparent",
                  "size": 5,
                  "stroke": "#90A4AE",
                  "strokeLinecap": "round",
                  "strokeLinejoin": "round",
                  "strokeWidth": 1,
                }
              }
              vectorEffect="non-scaling-stroke"
              x1={90}
              x2={85}
              y1={320}
              y2={320}
            />
            <text
              direction="inherit"
              dx={0}
              id="chart-axis-1-tickLabels-0"
              x={77}
              y={324.26}
            >
              <tspan
                dx={0}
                dy={0}
                style={
                  {
                    "fill": "#455A64",
                    "fontFamily": "'Helvetica Neue', 'Helvetica', sans-serif",
                    "fontSize": 12,
                    "letterSpacing": "normal",
                    "padding": 8,
                    "stroke": "transparent",
                    "strokeWidth": 0,
                  }
                }
                textAnchor="end"
                x={77}
              >
                $137,360
              </tspan>
            </text>
          </g>
          <g
            role="presentation"
          >
            <line
              role="presentation"
              shapeRendering="auto"
              style={
                {
                  "fill": "none",
                  "pointerEvents": "painted",
                  "stroke": "#ECEFF1",
                  "strokeDasharray": "10, 5",
                  "strokeLinecap": "round",
                  "strokeLinejoin": "round",
                }
              }
              vectorEffect="non-scaling-stroke"
              x1={90}
              x2={350}
              y1={268.33333333333337}
              y2={268.33333333333337}
            />
            <line
              role="presentation"
              shapeRendering="auto"
              style={
                {
                  "fill": "transparent",
                  "size": 5,
                  "stroke": "#90A4AE",
                  "strokeLinecap": "round",
                  "strokeLinejoin": "round",
                  "strokeWidth": 1,
                }
              }
              vectorEffect="non-scaling-stroke"
              x1={90}
              x2={85}
              y1={268.33333333333337}
              y2={268.33333333333337}
            />
            <text
              direction="inherit"
              dx={0}
              id="chart-axis-1-tickLabels-1"
              x={77}
              y={272.59333333333336}
            >
              <tspan
                dx={0}
                dy={0}
                style={
                  {
                    "fill": "#455A64",
                    "fontFamily": "'Helvetica Neue', 'Helvetica', sans-serif",
                    "fontSize": 12,
                    "letterSpacing": "normal",
                    "padding": 8,
                    "stroke": "transparent",
                    "strokeWidth": 0,
                  }
                }
                textAnchor="end"
                x={77}
              >
                $137,360
              </tspan>
            </text>
          </g>
          <g
            role="presentation"
          >
            <line
              role="presentation"
              shapeRendering="auto"
              style={
                {
                  "fill": "none",
                  "pointerEvents": "painted",
                  "stroke": "#ECEFF1",
                  "strokeDasharray": "10, 5",
                  "strokeLinecap": "round",
                  "strokeLinejoin": "round",
                }
              }
              vectorEffect="non-scaling-stroke"
              x1={90}
              x2={350}
              y1={165}
              y2={165}
            />
            <line
              role="presentation"
              shapeRendering="auto"
              style={
                {
                  "fill": "transparent",
                  "size": 5,
                  "stroke": "#90A4AE",
                  "strokeLinecap": "round",
                  "strokeLinejoin": "round",
                  "strokeWidth": 1,
                }
              }
              vectorEffect="non-scaling-stroke"
              x1={90}
              x2={85}
              y1={165}
              y2={165}
            />
            <text
              direction="inherit"
              dx={0}
              id="chart-axis-1-tickLabels-2"
              x={77}
              y={169.26}
            >
              <tspan
                dx={0}
                dy={0}
                style={
                  {
                    "fill": "#455A64",
                    "fontFamily": "'Helvetica Neue', 'Helvetica', sans-serif",
                    "fontSize": 12,
                    "letterSpacing": "normal",
                    "padding": 8,
                    "stroke": "transparent",
                    "strokeWidth": 0,
                  }
                }
                textAnchor="end"
                x={77}
              >
                $137,360
              </tspan>
            </text>
          </g>
          <g
            role="presentation"
          >
            <line
              role="presentation"
              shapeRendering="auto"
              style={
                {
                  "fill": "none",
                  "pointerEvents": "painted",
                  "stroke": "#ECEFF1",
                  "strokeDasharray": "10, 5",
                  "strokeLinecap": "round",
                  "strokeLinejoin": "round",
                }
              }
              vectorEffect="non-scaling-stroke"
              x1={90}
              x2={350}
              y1={61.66666666666666}
              y2={61.66666666666666}
            />
            <line
              role="presentation"
              shapeRendering="auto"
              style={
                {
                  "fill": "transparent",
                  "size": 5,
                  "stroke": "#90A4AE",
                  "strokeLinecap": "round",
                  "strokeLinejoin": "round",
                  "strokeWidth": 1,
                }
              }
              vectorEffect="non-scaling-stroke"
              x1={90}
              x2={85}
              y1={61.66666666666666}
              y2={61.66666666666666}
            />
            <text
              direction="inherit"
              dx={0}
              id="chart-axis-1-tickLabels-3"
              x={77}
              y={65.92666666666666}
            >
              <tspan
                dx={0}
                dy={0}
                style={
                  {
                    "fill": "#455A64",
                    "fontFamily": "'Helvetica Neue', 'Helvetica', sans-serif",
                    "fontSize": 12,
                    "letterSpacing": "normal",
                    "padding": 8,
                    "stroke": "transparent",
                    "strokeWidth": 0,
                  }
                }
                textAnchor="end"
                x={77}
              >
                $137,360
              </tspan>
            </text>
          </g>
          <g
            role="presentation"
          >
            <line
              role="presentation"
              shapeRendering="auto"
              style={
                {
                  "fill": "none",
                  "pointerEvents": "painted",
                  "stroke": "#ECEFF1",
                  "strokeDasharray": "10, 5",
                  "strokeLinecap": "round",
                  "strokeLinejoin": "round",
                }
              }
              vectorEffect="non-scaling-stroke"
              x1={90}
              x2={350}
              y1={10}
              y2={10}
            />
            <line
              role="presentation"
              shapeRendering="auto"
              style={
                {
                  "fill": "transparent",
                  "size": 5,
                  "stroke": "#90A4AE",
                  "strokeLinecap": "round",
                  "strokeLinejoin": "round",
                  "strokeWidth": 1,
                }
              }
              vectorEffect="non-scaling-stroke"
              x1={90}
              x2={85}
              y1={10}
              y2={10}
            />
            <text
              direction="inherit"
              dx={0}
              id="chart-axis-1-tickLabels-4"
              x={77}
              y={14.26}
            >
              <tspan
                dx={0}
                dy={0}
                style={
                  {
                    "fill": "#455A64",
                    "fontFamily": "'Helvetica Neue', 'Helvetica', sans-serif",
                    "fontSize": 12,
                    "letterSpacing": "normal",
                    "padding": 8,
                    "stroke": "transparent",
                    "strokeWidth": 0,
                  }
                }
                textAnchor="end"
                x={77}
              >
                $137,360
              </tspan>
            </text>
          </g>
        </g>
        <g
          clipPath="url(#victory-clip-4)"
          style={
            {
              "height": "100%",
              "userSelect": "none",
              "width": "100%",
            }
          }
        >
          <defs>
            <clipPath
              id="victory-clip-4"
            >
              <rect
                height={310}
                vectorEffect="non-scaling-stroke"
                width={260}
                x={90}
                y={10}
              />
            </clipPath>
          </defs>
          <path
            d={null}
            role="presentation"
            shapeRendering="auto"
            style={
              {
                "fill": "transparent",
                "opacity": 1,
                "stroke": "#F4D933",
                "strokeWidth": 1,
              }
            }
          />
        </g>
      </svg>
      <div
        style={
          {
            "height": "100%",
            "left": 0,
            "position": "absolute",
            "top": 0,
            "width": "100%",
            "zIndex": 99,
          }
        }
      >
        <svg
          height={350}
          style={
            {
              "height": "100%",
              "overflow": "visible",
              "width": "100%",
            }
          }
          viewBox="0 0 350 350"
          width={350}
        />
      </div>
    </div>
  </div>
</div>
`;
